\BOOKMARK [1][-]{section.1}{\376\377\137\025\212\000}{}% 1
\BOOKMARK [2][-]{subsection.1.1}{\376\377\170\024\172\166\200\314\146\157\116\016\164\006\213\272\225\355\163\257\166\204\221\315\147\204}{section.1}% 2
\BOOKMARK [2][-]{subsection.1.2}{\376\377\147\054\145\207\150\070\137\303\215\041\163\056}{section.1}% 3
\BOOKMARK [1][-]{section.2}{\376\377\116\244\116\222\121\103\174\373\176\337\377\032\226\366\140\001\175\047\123\026\116\016\123\206\123\362\155\101\137\142}{}% 4
\BOOKMARK [2][-]{subsection.2.1}{\376\377\131\015\124\010\162\266\140\001\116\016\157\134\127\050\121\103\133\207\133\231}{section.2}% 5
\BOOKMARK [1][-]{section.3}{\376\377\123\206\123\362\120\076\124\021\140\047\146\040\134\004\116\016\131\032\134\102\142\323\142\121\117\040\144\255\224\376\000\040\003\267}{}% 6
\BOOKMARK [2][-]{subsection.3.1}{\376\377\123\206\123\362\117\235\215\126\166\204\120\076\124\021\140\047\146\040\134\004\000\040\003\303}{section.3}% 7
\BOOKMARK [2][-]{subsection.3.2}{\376\377\131\032\134\102\142\323\142\121\117\040\144\255\224\376\000\040\003\267\377\010\000G\000t\000\050\0000\000\051\000\040\000-\000>\000\040\000.\000.\000.\000\040\000-\000>\000\040\000G\000t\000\040\377\011}{section.3}% 8
\BOOKMARK [1][-]{section.4}{\376\377\134\100\220\350\217\154\171\373\211\304\122\031\116\016\121\150\134\100\157\024\123\026\126\336\215\357}{}% 9
\BOOKMARK [2][-]{subsection.4.1}{\376\377\147\011\145\110\126\376\116\012\166\204\134\100\127\337\217\154\171\373\146\040\134\004}{section.4}% 10
\BOOKMARK [2][-]{subsection.4.2}{\376\377\201\352\143\007\123\125\153\145\225\355\163\257\157\024\123\026\145\366\136\217}{section.4}% 11
\BOOKMARK [1][-]{section.5}{\376\377\127\050\176\277\133\371\120\166\215\035\123\366\145\257\146\364\145\260\377\032\000f\000-\003\303\000\040\150\070\137\303\147\266\147\204}{}% 12
\BOOKMARK [2][-]{subsection.5.1}{\376\377\000f\000-\003\303\000\040\133\371\120\166\200\046\124\010\116\016\172\357\122\060\172\357\123\357\137\256\140\047}{section.5}% 13
\BOOKMARK [2][-]{subsection.5.2}{\376\377\000f\000-\003\303\000\040\172\357\122\060\172\357\127\050\176\277\215\035\123\366\145\257\220\022\143\250}{section.5}% 14
\BOOKMARK [2][-]{subsection.5.3}{\376\377\121\150\137\256\211\302\150\074\134\100\117\074\161\066\166\204\123\125\153\145\176\364\145\160\210\302\211\343}{section.5}% 15
\BOOKMARK [2][-]{subsection.5.4}{\376\377\220\020\136\047\143\137\131\061\116\016\000\040\000S\000G\000L\000D\000\040\145\066\145\133\140\047}{section.5}% 16
\BOOKMARK [2][-]{subsection.5.5}{\376\377\000M\000D\000L\000\040\117\134\116\072\000\040\000f\000-\003\303\000\040\176\323\147\204\121\110\232\214}{section.5}% 17
\BOOKMARK [1][-]{section.6}{\376\377\116\011\134\102\142\151\134\125\377\032\137\025\121\145\142\323\142\121\117\040\144\255\224\376\000\040\003\267\000\040\166\204\000\040\000f\000-\003\267\000-\003\303\000\040\147\266\147\204}{}% 18
\BOOKMARK [2][-]{subsection.6.1}{\376\377\116\316\000\040\000f\000-\003\303\000\040\122\060\000\040\000f\000-\003\267\000-\003\303\377\032\116\011\134\102\122\115\124\021\116\062\200\124}{section.6}% 19
\BOOKMARK [2][-]{subsection.6.2}{\376\377\000f\000-\003\267\000-\003\303\000\040\116\011\134\102\172\357\122\060\172\357\127\050\176\277\215\035\123\366\145\257\220\022\143\250}{section.6}% 20
\BOOKMARK [2][-]{subsection.6.3}{\376\377\000f\000-\003\267\000-\003\303\000\040\226\220\126\376\217\271\177\030\123\026}{section.6}% 21
\BOOKMARK [2][-]{subsection.6.4}{\376\377\000f\000-\003\267\000-\003\303\000\040\000M\000D\000L\000\040\116\011\134\102\121\110\232\214}{section.6}% 22
\BOOKMARK [2][-]{subsection.6.5}{\376\377\162\151\164\006\217\250\213\306\133\236\117\213\377\032\155\101\126\372\121\262\121\373\174\222\133\120\122\250\122\233\133\146\377\010\116\011\134\102\142\151\134\125\377\011}{section.6}% 23
\BOOKMARK [1][-]{section.7}{\376\377\217\336\176\355\145\366\225\364\377\032\123\206\123\362\232\161\122\250\166\204\122\007\143\142\155\101\116\016\217\271\165\114\215\303\217\301}{}% 24
\BOOKMARK [1][-]{section.8}{\376\377\137\000\145\076\137\017\157\024\123\026\116\016\164\006\213\272\217\271\165\114\213\250\213\272}{}% 25
\BOOKMARK [2][-]{subsection.8.1}{\376\377\123\206\123\362\117\235\215\126\116\016\121\150\137\256\211\302\227\136\220\115\123\206\140\047}{section.8}% 26
\BOOKMARK [2][-]{subsection.8.2}{\376\377\213\241\173\227\146\156\220\115\140\047\116\016\164\006\213\272\152\041\142\337\217\271\165\114\377\010\000T\000u\000r\000i\000n\000g\000\040\000C\000o\000m\000p\000l\000e\000t\000e\000n\000e\000s\000s\377\011}{section.8}% 27
\BOOKMARK [2][-]{subsection.8.3}{\376\377\164\006\213\272\120\107\213\276\215\046\147\054}{section.8}% 28
\BOOKMARK [1][-]{section.9}{\376\377\176\323\213\272}{}% 29
